
Running 1 test using 1 worker

  ✘  1 tests/extension.spec.js:4:1 › Extension loads and Side Panel works (153ms)


  1) tests/extension.spec.js:4:1 › Extension loads and Side Panel works ────────────────────────────

    Error: browserType.launchPersistentContext: Target page, context or browser has been closed
    Browser logs:

    ╔════════════════════════════════════════════════════════════════════════════════════════════════╗
    ║ Looks like you launched a headed browser without having a XServer running.                     ║
    ║ Set either 'headless: true' or use 'xvfb-run <your-playwright-app>' before running Playwright. ║
    ║                                                                                                ║
    ║ <3 Playwright Team                                                                             ║
    ╚════════════════════════════════════════════════════════════════════════════════════════════════╝
    Call log:
    [2m  - <launching> /home/jules/.cache/ms-playwright/chromium-1208/chrome-linux64/chrome --disable-field-trial-config --disable-background-networking --disable-background-timer-throttling --disable-backgrounding-occluded-windows --disable-back-forward-cache --disable-breakpad --disable-client-side-phishing-detection --disable-component-extensions-with-background-pages --disable-component-update --no-default-browser-check --disable-default-apps --disable-dev-shm-usage --disable-extensions --disable-features=AvoidUnnecessaryBeforeUnloadCheckSync,BoundaryEventDispatchTracksNodeRemoval,DestroyProfileOnBrowserClose,DialMediaRouteProvider,GlobalMediaControls,HttpsUpgrades,LensOverlay,MediaRouter,PaintHolding,ThirdPartyStoragePartitioning,Translate,AutoDeElevate,RenderDocument,OptimizationHints --enable-features=CDPScreenshotNewSurface --allow-pre-commit-input --disable-hang-monitor --disable-ipc-flooding-protection --disable-popup-blocking --disable-prompt-on-repost --disable-renderer-backgrounding --force-color-profile=srgb --metrics-recording-only --no-first-run --password-store=basic --use-mock-keychain --no-service-autorun --export-tagged-pdf --disable-search-engine-choice-screen --unsafely-disable-devtools-self-xss-warnings --edge-skip-compat-layer-relaunch --enable-automation --disable-infobars --disable-search-engine-choice-screen --disable-sync --enable-unsafe-swiftshader --no-sandbox --disable-extensions-except=/app/tests/extension --load-extension=/app/tests/extension --user-data-dir=/tmp/test-user-data-dir --remote-debugging-pipe about:blank[22m
    [2m  - <launched> pid=29070[22m
    [2m  - [pid=29070][err] [29070:29070:0307/050119.450984:ERROR:ui/ozone/platform/x11/ozone_platform_x11.cc:256] Missing X server or $DISPLAY[22m
    [2m  - [pid=29070][err] [29070:29070:0307/050119.451067:ERROR:ui/aura/env.cc:246] The platform failed to initialize.  Exiting.[22m
    [2m  - [pid=29070] <gracefully close start>[22m
    [2m  - [pid=29070] <kill>[22m
    [2m  - [pid=29070] <will force kill>[22m
    [2m  - [pid=29070] <process did exit: exitCode=1, signal=null>[22m
    [2m  - [pid=29070] starting temporary directories cleanup[22m
    [2m  - [pid=29070] finished temporary directories cleanup[22m
    [2m  - [pid=29070] <gracefully close end>[22m


       7 |
       8 |   // Launch Chromium with the extension
    >  9 |   const browserContext = await chromium.launchPersistentContext(userDataDir, {
         |                          ^
      10 |     headless: false,
      11 |     args: [
      12 |       `--disable-extensions-except=${pathToExtension}`,
        at /app/tests/extension.spec.js:9:26

  1 failed
    tests/extension.spec.js:4:1 › Extension loads and Side Panel works ─────────────────────────────
